IDS:  1 1 SCORE: -888888.00 NSCORE: -148148.00    WORD: a a a a h h   WORD: a a a a h h

IDS:  1 2 SCORE: -888888.00 NSCORE: -148148.00    WORD: a a a a h h   WORD: h h a a a a

IDS:  1 3 SCORE: -888888.00 NSCORE: -80808.00    WORD: a a a a h h   WORD: s c h e i s s h a u s

IDS:  1 4 SCORE: -888888.00 NSCORE: -126984.00    WORD: a a a a h h   WORD: h a u s b a u

IDS:  1 5 SCORE: -888888.00 NSCORE: -111111.00    WORD: a a a a h h   WORD: b a u m h a u s

IDS:  1 6 SCORE: -888888.00 NSCORE: -98765.33    WORD: a a a a h h   WORD: s h i t h o u s e

IDS:  2 1 SCORE: -888888.00 NSCORE: -148148.00    WORD: h h a a a a   WORD: a a a a h h

IDS:  2 2 SCORE: -888888.00 NSCORE: -148148.00    WORD: h h a a a a   WORD: h h a a a a

IDS:  2 3 SCORE: -888888.00 NSCORE: -80808.00    WORD: h h a a a a   WORD: s c h e i s s h a u s

IDS:  2 4 SCORE: -888888.00 NSCORE: -126984.00    WORD: h h a a a a   WORD: h a u s b a u

IDS:  2 5 SCORE: -888888.00 NSCORE: -111111.00    WORD: h h a a a a   WORD: b a u m h a u s

IDS:  2 6 SCORE: -888888.00 NSCORE: -98765.33    WORD: h h a a a a   WORD: s h i t h o u s e

IDS:  3 1 SCORE: -888888.00 NSCORE: -80808.00    WORD: s c h e i s s h a u s   WORD: a a a a h h

IDS:  3 2 SCORE: -888888.00 NSCORE: -80808.00    WORD: s c h e i s s h a u s   WORD: h h a a a a

IDS:  3 3 SCORE: -888888.00 NSCORE: -80808.00    WORD: s c h e i s s h a u s   WORD: s c h e i s s h a u s

IDS:  3 4 SCORE: -888888.00 NSCORE: -80808.00    WORD: s c h e i s s h a u s   WORD: h a u s b a u

IDS:  3 5 SCORE: -888888.00 NSCORE: -80808.00    WORD: s c h e i s s h a u s   WORD: b a u m h a u s

IDS:  3 6 SCORE: -888888.00 NSCORE: -80808.00    WORD: s c h e i s s h a u s   WORD: s h i t h o u s e

IDS:  4 1 SCORE: -888888.00 NSCORE: -126984.00    WORD: h a u s b a u   WORD: a a a a h h

IDS:  4 2 SCORE: -888888.00 NSCORE: -126984.00    WORD: h a u s b a u   WORD: h h a a a a

IDS:  4 3 SCORE: -888888.00 NSCORE: -80808.00    WORD: h a u s b a u   WORD: s c h e i s s h a u s

IDS:  4 4 SCORE: -888888.00 NSCORE: -126984.00    WORD: h a u s b a u   WORD: h a u s b a u

IDS:  4 5 SCORE: -888888.00 NSCORE: -111111.00    WORD: h a u s b a u   WORD: b a u m h a u s

IDS:  4 6 SCORE: -888888.00 NSCORE: -98765.33    WORD: h a u s b a u   WORD: s h i t h o u s e

IDS:  5 1 SCORE: -888888.00 NSCORE: -111111.00    WORD: b a u m h a u s   WORD: a a a a h h

IDS:  5 2 SCORE: -888888.00 NSCORE: -111111.00    WORD: b a u m h a u s   WORD: h h a a a a

IDS:  5 3 SCORE: -888888.00 NSCORE: -80808.00    WORD: b a u m h a u s   WORD: s c h e i s s h a u s

IDS:  5 4 SCORE: -888888.00 NSCORE: -111111.00    WORD: b a u m h a u s   WORD: h a u s b a u

IDS:  5 5 SCORE: -888888.00 NSCORE: -111111.00    WORD: b a u m h a u s   WORD: b a u m h a u s

IDS:  5 6 SCORE: -888888.00 NSCORE: -98765.33    WORD: b a u m h a u s   WORD: s h i t h o u s e

IDS:  6 1 SCORE: -888888.00 NSCORE: -98765.33    WORD: s h i t h o u s e   WORD: a a a a h h

IDS:  6 2 SCORE: -888888.00 NSCORE: -98765.33    WORD: s h i t h o u s e   WORD: h h a a a a

IDS:  6 3 SCORE: -888888.00 NSCORE: -80808.00    WORD: s h i t h o u s e   WORD: s c h e i s s h a u s

IDS:  6 4 SCORE: -888888.00 NSCORE: -98765.33    WORD: s h i t h o u s e   WORD: h a u s b a u

IDS:  6 5 SCORE: -888888.00 NSCORE: -98765.33    WORD: s h i t h o u s e   WORD: b a u m h a u s

IDS:  6 6 SCORE: -888888.00 NSCORE: -98765.33    WORD: s h i t h o u s e   WORD: s h i t h o u s e

